============================= test session starts =============================
platform win32 -- Python 3.9.19, pytest-8.3.2, pluggy-1.5.0
rootdir: E:\coursework\cip\project\tictactoe
plugins: anyio-4.4.0
collected 5 items

test\test_game.py .....                                                  [100%]

============================== 5 passed in 0.10s ==============================
